// Jest Snapshot v1, https://goo.gl/fbAQLP

exports[`AppConfigSchemaPropertiesTable correctly matches snapshot 1`] = `
<div>
  <div
    class="css-rufzkc-Table"
  >
    <table
      class="css-1goywt6-Table"
    >
      <thead
        class="css-3b8qij-TableHead"
      >
        <tr
          class="css-29opv4-Row"
        >
          <th
            class="css-1p6k6di-HeaderCell"
          >
            Property
          </th>
          <th
            class="css-1p6k6di-HeaderCell"
          >
            Description
          </th>
        </tr>
      </thead>
      <tbody>
        <tr
          class="css-29opv4-Row"
        >
          <td
            class="css-1i3ovdz-Cell"
          >
            <div
              data-testid="name"
              style="margin-left: 0px; display: block; list-style-type: circle; overflow-x: visible;"
            >
              <div
                class=" css-19f55nd-PDIV"
                data-text="true"
              >
                <div
                  class="css-79elbk"
                >
                  <span
                    class="css-120d683"
                    id="name"
                  />
                  <a
                    class="css-bwy6tr-A"
                    href="/#name"
                  >
                    <span
                      class="css-6n7j50"
                    >
                      <code
                        class="inline css-ov7own-InlineCode"
                      >
                        name
                      </code>
                    </span>
                    <span
                      class="css-1eysgws"
                    >
                      <svg
                        aria-label="permalink"
                        class="anchor-icon"
                        fill="none"
                        height="24"
                        viewBox="0 0 24 24"
                        width="24"
                        xmlns="http://www.w3.org/2000/svg"
                      >
                        <path
                          d="M10 13a5 5 0 007.54.54l3-3a5 5 0 00-7.07-7.07l-1.72 1.71"
                          stroke="#9B9B9B"
                          stroke-linecap="round"
                          stroke-linejoin="round"
                          stroke-width="2"
                        />
                        <path
                          d="M14 11a5 5 0 00-7.54-.54l-3 3a5 5 0 007.07 7.07l1.71-1.71"
                          stroke="#9B9B9B"
                          stroke-linecap="round"
                          stroke-linejoin="round"
                          stroke-width="2"
                        />
                      </svg>
                    </span>
                  </a>
                </div>
              </div>
            </div>
          </td>
          <td
            class="css-4ul8tm-Cell"
          >
            <p
              class="css-6jxvia-P"
              data-text="true"
            >
              <strong
                class="css-1qx481h-B"
              >
                (string)
              </strong>
               - Name of your app.
            </p>
            <details
              class="css-1nmf69-Collapsible"
            >
              <summary
                class="css-15fupqd-Collapsible"
              >
                <div
                  class="css-166ujkg-Collapsible"
                >
                  <svg
                    class="css-1wgpnk4-Collapsible"
                    fill="none"
                    height="16"
                    role="img"
                    size="16"
                    viewBox="0 0 20 20"
                    width="16"
                  >
                    <title>
                      Triangle-down-icon
                    </title>
                    <path
                      d="M16.883 7.43H3.117L10 14.313l6.883-6.883z"
                      fill="var(--expo-theme-icon-default)"
                    />
                  </svg>
                </div>
                <span
                  class="css-x1nydd-TextComponent"
                >
                  Bare Workflow
                </span>
              </summary>
              <div
                class="css-1gk6nru-Collapsible"
              >
                <p
                  class="css-6jxvia-P"
                  data-text="true"
                >
                  Edit the 'Display Name' field in Xcode
                </p>
              </div>
            </details>
          </td>
        </tr>
        <tr
          class="css-29opv4-Row"
        >
          <td
            class="css-1i3ovdz-Cell"
          >
            <div
              data-testid="androidNavigationBar"
              style="margin-left: 0px; display: block; list-style-type: circle; overflow-x: visible;"
            >
              <div
                class=" css-19f55nd-PDIV"
                data-text="true"
              >
                <div
                  class="css-79elbk"
                >
                  <span
                    class="css-120d683"
                    id="androidnavigationbar"
                  />
                  <a
                    class="css-bwy6tr-A"
                    href="/#androidnavigationbar"
                  >
                    <span
                      class="css-6n7j50"
                    >
                      <code
                        class="inline css-ov7own-InlineCode"
                      >
                        androidNavigationBar
                      </code>
                    </span>
                    <span
                      class="css-1eysgws"
                    >
                      <svg
                        aria-label="permalink"
                        class="anchor-icon"
                        fill="none"
                        height="24"
                        viewBox="0 0 24 24"
                        width="24"
                        xmlns="http://www.w3.org/2000/svg"
                      >
                        <path
                          d="M10 13a5 5 0 007.54.54l3-3a5 5 0 00-7.07-7.07l-1.72 1.71"
                          stroke="#9B9B9B"
                          stroke-linecap="round"
                          stroke-linejoin="round"
                          stroke-width="2"
                        />
                        <path
                          d="M14 11a5 5 0 00-7.54-.54l-3 3a5 5 0 007.07 7.07l1.71-1.71"
                          stroke="#9B9B9B"
                          stroke-linecap="round"
                          stroke-linejoin="round"
                          stroke-width="2"
                        />
                      </svg>
                    </span>
                  </a>
                </div>
              </div>
            </div>
          </td>
          <td
            class="css-4ul8tm-Cell"
          >
            <p
              class="css-6jxvia-P"
              data-text="true"
            >
              <strong
                class="css-1qx481h-B"
              >
                (object)
              </strong>
               - Configuration for the bottom navigation bar on Android.
            </p>
            <details
              class="css-1nmf69-Collapsible"
            >
              <summary
                class="css-15fupqd-Collapsible"
              >
                <div
                  class="css-166ujkg-Collapsible"
                >
                  <svg
                    class="css-1wgpnk4-Collapsible"
                    fill="none"
                    height="16"
                    role="img"
                    size="16"
                    viewBox="0 0 20 20"
                    width="16"
                  >
                    <title>
                      Triangle-down-icon
                    </title>
                    <path
                      d="M16.883 7.43H3.117L10 14.313l6.883-6.883z"
                      fill="var(--expo-theme-icon-default)"
                    />
                  </svg>
                </div>
                <span
                  class="css-x1nydd-TextComponent"
                >
                  ExpoKit
                </span>
              </summary>
              <div
                class="css-1gk6nru-Collapsible"
              >
                <p
                  class="css-6jxvia-P"
                  data-text="true"
                >
                  Set this property using AppConstants.java.
                </p>
              </div>
            </details>
            <details
              class="css-1nmf69-Collapsible"
            >
              <summary
                class="css-15fupqd-Collapsible"
              >
                <div
                  class="css-166ujkg-Collapsible"
                >
                  <svg
                    class="css-1wgpnk4-Collapsible"
                    fill="none"
                    height="16"
                    role="img"
                    size="16"
                    viewBox="0 0 20 20"
                    width="16"
                  >
                    <title>
                      Triangle-down-icon
                    </title>
                    <path
                      d="M16.883 7.43H3.117L10 14.313l6.883-6.883z"
                      fill="var(--expo-theme-icon-default)"
                    />
                  </svg>
                </div>
                <span
                  class="css-x1nydd-TextComponent"
                >
                  Bare Workflow
                </span>
              </summary>
              <div
                class="css-1gk6nru-Collapsible"
              >
                <p
                  class="css-6jxvia-P"
                  data-text="true"
                >
                  Set this property using just Xcode
                </p>
              </div>
            </details>
          </td>
        </tr>
        <tr
          class="css-29opv4-Row"
        >
          <td
            class="css-1i3ovdz-Cell"
          >
            <div
              data-testid="visible"
              style="margin-left: 32px; display: list-item; list-style-type: default; overflow-x: visible;"
            >
              <div
                class=" css-19f55nd-PDIV"
                data-text="true"
              >
                <div
                  class="css-79elbk"
                >
                  <span
                    class="css-120d683"
                    id="visible"
                  />
                  <a
                    class="css-bwy6tr-A"
                    href="/#visible"
                  >
                    <span
                      class="css-6n7j50"
                    >
                      <code
                        class="inline css-ov7own-InlineCode"
                      >
                        visible
                      </code>
                    </span>
                    <span
                      class="css-1eysgws"
                    >
                      <svg
                        aria-label="permalink"
                        class="anchor-icon"
                        fill="none"
                        height="24"
                        viewBox="0 0 24 24"
                        width="24"
                        xmlns="http://www.w3.org/2000/svg"
                      >
                        <path
                          d="M10 13a5 5 0 007.54.54l3-3a5 5 0 00-7.07-7.07l-1.72 1.71"
                          stroke="#9B9B9B"
                          stroke-linecap="round"
                          stroke-linejoin="round"
                          stroke-width="2"
                        />
                        <path
                          d="M14 11a5 5 0 00-7.54-.54l-3 3a5 5 0 007.07 7.07l1.71-1.71"
                          stroke="#9B9B9B"
                          stroke-linecap="round"
                          stroke-linejoin="round"
                          stroke-width="2"
                        />
                      </svg>
                    </span>
                  </a>
                </div>
              </div>
            </div>
          </td>
          <td
            class="css-4ul8tm-Cell"
          >
            <p
              class="css-6jxvia-P"
              data-text="true"
            >
              <strong
                class="css-1qx481h-B"
              >
                (enum)
              </strong>
               - Determines how and when the navigation bar is shown.
            </p>
            <details
              class="css-1nmf69-Collapsible"
            >
              <summary
                class="css-15fupqd-Collapsible"
              >
                <div
                  class="css-166ujkg-Collapsible"
                >
                  <svg
                    class="css-1wgpnk4-Collapsible"
                    fill="none"
                    height="16"
                    role="img"
                    size="16"
                    viewBox="0 0 20 20"
                    width="16"
                  >
                    <title>
                      Triangle-down-icon
                    </title>
                    <path
                      d="M16.883 7.43H3.117L10 14.313l6.883-6.883z"
                      fill="var(--expo-theme-icon-default)"
                    />
                  </svg>
                </div>
                <span
                  class="css-x1nydd-TextComponent"
                >
                  ExpoKit
                </span>
              </summary>
              <div
                class="css-1gk6nru-Collapsible"
              >
                <p
                  class="css-6jxvia-P"
                  data-text="true"
                >
                  Set this property using Xcode.
                </p>
              </div>
            </details>
          </td>
        </tr>
        <tr
          class="css-29opv4-Row"
        >
          <td
            class="css-1i3ovdz-Cell"
          >
            <div
              data-testid="always"
              style="margin-left: 64px; display: list-item; list-style-type: circle; overflow-x: visible;"
            >
              <div
                class=" css-19f55nd-PDIV"
                data-text="true"
              >
                <div
                  class="css-79elbk"
                >
                  <span
                    class="css-120d683"
                    id="always"
                  />
                  <a
                    class="css-bwy6tr-A"
                    href="/#always"
                  >
                    <span
                      class="css-6n7j50"
                    >
                      <code
                        class="inline css-ov7own-InlineCode"
                      >
                        always
                      </code>
                    </span>
                    <span
                      class="css-1eysgws"
                    >
                      <svg
                        aria-label="permalink"
                        class="anchor-icon"
                        fill="none"
                        height="24"
                        viewBox="0 0 24 24"
                        width="24"
                        xmlns="http://www.w3.org/2000/svg"
                      >
                        <path
                          d="M10 13a5 5 0 007.54.54l3-3a5 5 0 00-7.07-7.07l-1.72 1.71"
                          stroke="#9B9B9B"
                          stroke-linecap="round"
                          stroke-linejoin="round"
                          stroke-width="2"
                        />
                        <path
                          d="M14 11a5 5 0 00-7.54-.54l-3 3a5 5 0 007.07 7.07l1.71-1.71"
                          stroke="#9B9B9B"
                          stroke-linecap="round"
                          stroke-linejoin="round"
                          stroke-width="2"
                        />
                      </svg>
                    </span>
                  </a>
                </div>
              </div>
            </div>
          </td>
          <td
            class="css-4ul8tm-Cell"
          >
            <p
              class="css-6jxvia-P"
              data-text="true"
            >
              <strong
                class="css-1qx481h-B"
              >
                (boolean)
              </strong>
               - Test sub-sub-property
            </p>
          </td>
        </tr>
        <tr
          class="css-29opv4-Row"
        >
          <td
            class="css-1i3ovdz-Cell"
          >
            <div
              data-testid="backgroundColor"
              style="margin-left: 32px; display: list-item; list-style-type: default; overflow-x: visible;"
            >
              <div
                class=" css-19f55nd-PDIV"
                data-text="true"
              >
                <div
                  class="css-79elbk"
                >
                  <span
                    class="css-120d683"
                    id="backgroundcolor"
                  />
                  <a
                    class="css-bwy6tr-A"
                    href="/#backgroundcolor"
                  >
                    <span
                      class="css-6n7j50"
                    >
                      <code
                        class="inline css-ov7own-InlineCode"
                      >
                        backgroundColor
                      </code>
                    </span>
                    <span
                      class="css-1eysgws"
                    >
                      <svg
                        aria-label="permalink"
                        class="anchor-icon"
                        fill="none"
                        height="24"
                        viewBox="0 0 24 24"
                        width="24"
                        xmlns="http://www.w3.org/2000/svg"
                      >
                        <path
                          d="M10 13a5 5 0 007.54.54l3-3a5 5 0 00-7.07-7.07l-1.72 1.71"
                          stroke="#9B9B9B"
                          stroke-linecap="round"
                          stroke-linejoin="round"
                          stroke-width="2"
                        />
                        <path
                          d="M14 11a5 5 0 00-7.54-.54l-3 3a5 5 0 007.07 7.07l1.71-1.71"
                          stroke="#9B9B9B"
                          stroke-linecap="round"
                          stroke-linejoin="round"
                          stroke-width="2"
                        />
                      </svg>
                    </span>
                  </a>
                </div>
              </div>
            </div>
          </td>
          <td
            class="css-4ul8tm-Cell"
          >
            <p
              class="css-6jxvia-P"
              data-text="true"
            >
              <strong
                class="css-1qx481h-B"
              >
                (string)
              </strong>
               - Specifies the background color of the navigation bar.
            </p>
            

            <p
              class="css-6jxvia-P"
              data-text="true"
            >
              6 character long hex color string, eg: 
              <code
                class="inline css-ov7own-InlineCode"
              >
                '#000000'
              </code>
            </p>
          </td>
        </tr>
        <tr
          class="css-29opv4-Row"
        >
          <td
            class="css-1i3ovdz-Cell"
          >
            <div
              data-testid="intentFilters"
              style="margin-left: 0px; display: block; list-style-type: circle; overflow-x: visible;"
            >
              <div
                class=" css-19f55nd-PDIV"
                data-text="true"
              >
                <div
                  class="css-79elbk"
                >
                  <span
                    class="css-120d683"
                    id="intentfilters"
                  />
                  <a
                    class="css-bwy6tr-A"
                    href="/#intentfilters"
                  >
                    <span
                      class="css-6n7j50"
                    >
                      <code
                        class="inline css-ov7own-InlineCode"
                      >
                        intentFilters
                      </code>
                    </span>
                    <span
                      class="css-1eysgws"
                    >
                      <svg
                        aria-label="permalink"
                        class="anchor-icon"
                        fill="none"
                        height="24"
                        viewBox="0 0 24 24"
                        width="24"
                        xmlns="http://www.w3.org/2000/svg"
                      >
                        <path
                          d="M10 13a5 5 0 007.54.54l3-3a5 5 0 00-7.07-7.07l-1.72 1.71"
                          stroke="#9B9B9B"
                          stroke-linecap="round"
                          stroke-linejoin="round"
                          stroke-width="2"
                        />
                        <path
                          d="M14 11a5 5 0 00-7.54-.54l-3 3a5 5 0 007.07 7.07l1.71-1.71"
                          stroke="#9B9B9B"
                          stroke-linecap="round"
                          stroke-linejoin="round"
                          stroke-width="2"
                        />
                      </svg>
                    </span>
                  </a>
                </div>
              </div>
            </div>
          </td>
          <td
            class="css-4ul8tm-Cell"
          >
            <p
              class="css-6jxvia-P"
              data-text="true"
            >
              <strong
                class="css-1qx481h-B"
              >
                (array)
              </strong>
               - Configuration for setting an array of custom intent filters in Android manifest.
            </p>
            <details
              class="css-1nmf69-Collapsible"
            >
              <summary
                class="css-15fupqd-Collapsible"
              >
                <div
                  class="css-166ujkg-Collapsible"
                >
                  <svg
                    class="css-1wgpnk4-Collapsible"
                    fill="none"
                    height="16"
                    role="img"
                    size="16"
                    viewBox="0 0 20 20"
                    width="16"
                  >
                    <title>
                      Triangle-down-icon
                    </title>
                    <path
                      d="M16.883 7.43H3.117L10 14.313l6.883-6.883z"
                      fill="var(--expo-theme-icon-default)"
                    />
                  </svg>
                </div>
                <span
                  class="css-x1nydd-TextComponent"
                >
                  Bare Workflow
                </span>
              </summary>
              <div
                class="css-1gk6nru-Collapsible"
              >
                <p
                  class="css-6jxvia-P"
                  data-text="true"
                >
                  This is set in AndroidManifest.xml directly.
                </p>
              </div>
            </details>
            <blockquote
              class="css-1xjn6jt-Callout"
              data-testid="callout-container"
            >
              <div
                class="css-ks2t0-Callout"
              >
                <svg
                  color="var(--expo-theme-icon-default)"
                  fill="none"
                  height="16"
                  role="img"
                  size="16"
                  viewBox="0 0 20 20"
                  width="16"
                >
                  <title>
                    Info-icon
                  </title>
                  <path
                    d="M10 1a9 9 0 100 18 9 9 0 000-18zm-.01 4.064a.962.962 0 01.73-.33c.229 0 .43.082.582.238.152.155.23.354.23.59 0 .295-.104.558-.308.78-.209.23-.453.347-.726.347a.777.777 0 01-.576-.244.844.844 0 01-.227-.607c0-.3.099-.561.295-.774zm1.499 8.48c-.746.7-1.279 1.138-1.628 1.337-.372.213-.679.317-.937.317a.814.814 0 01-.622-.254c-.152-.162-.23-.382-.23-.652 0-.69.392-2.293 1.197-4.9.013-.044.024-.086.031-.125a.814.814 0 00-.105.056c-.066.042-.267.2-.854.773a.25.25 0 01-.329.02l-.347-.27a.25.25 0 01-.033-.367c.542-.596 1.047-1.029 1.502-1.286.477-.269.88-.4 1.232-.4.227 0 .411.057.547.17a.621.621 0 01.225.492c0 .132-.063.474-.522 2.015-.657 2.203-.814 3.003-.825 3.28.125-.074.419-.283 1.046-.873a.25.25 0 01.347.003l.308.3a.25.25 0 01-.003.363z"
                    fill="var(--expo-theme-icon-default)"
                  />
                </svg>
              </div>
              <div
                class="css-19syq17-Callout"
              >
                

                <span>
                  [{  "autoVerify": true,  "data": {"host": "*.example.com"  }  }]
                </span>
                

              </div>
            </blockquote>
          </td>
        </tr>
        <tr
          class="css-29opv4-Row"
        >
          <td
            class="css-1i3ovdz-Cell"
          >
            <div
              data-testid="autoVerify"
              style="margin-left: 32px; display: list-item; list-style-type: default; overflow-x: visible;"
            >
              <div
                class=" css-19f55nd-PDIV"
                data-text="true"
              >
                <div
                  class="css-79elbk"
                >
                  <span
                    class="css-120d683"
                    id="autoverify"
                  />
                  <a
                    class="css-bwy6tr-A"
                    href="/#autoverify"
                  >
                    <span
                      class="css-6n7j50"
                    >
                      <code
                        class="inline css-ov7own-InlineCode"
                      >
                        autoVerify
                      </code>
                    </span>
                    <span
                      class="css-1eysgws"
                    >
                      <svg
                        aria-label="permalink"
                        class="anchor-icon"
                        fill="none"
                        height="24"
                        viewBox="0 0 24 24"
                        width="24"
                        xmlns="http://www.w3.org/2000/svg"
                      >
                        <path
                          d="M10 13a5 5 0 007.54.54l3-3a5 5 0 00-7.07-7.07l-1.72 1.71"
                          stroke="#9B9B9B"
                          stroke-linecap="round"
                          stroke-linejoin="round"
                          stroke-width="2"
                        />
                        <path
                          d="M14 11a5 5 0 00-7.54-.54l-3 3a5 5 0 007.07 7.07l1.71-1.71"
                          stroke="#9B9B9B"
                          stroke-linecap="round"
                          stroke-linejoin="round"
                          stroke-width="2"
                        />
                      </svg>
                    </span>
                  </a>
                </div>
              </div>
            </div>
          </td>
          <td
            class="css-4ul8tm-Cell"
          >
            <p
              class="css-6jxvia-P"
              data-text="true"
            >
              <strong
                class="css-1qx481h-B"
              >
                (boolean)
              </strong>
               - You may also use an intent filter to set your app as the default handler for links
            </p>
          </td>
        </tr>
        <tr
          class="css-29opv4-Row"
        >
          <td
            class="css-1i3ovdz-Cell"
          >
            <div
              data-testid="data"
              style="margin-left: 32px; display: list-item; list-style-type: default; overflow-x: visible;"
            >
              <div
                class=" css-19f55nd-PDIV"
                data-text="true"
              >
                <div
                  class="css-79elbk"
                >
                  <span
                    class="css-120d683"
                    id="data"
                  />
                  <a
                    class="css-bwy6tr-A"
                    href="/#data"
                  >
                    <span
                      class="css-6n7j50"
                    >
                      <code
                        class="inline css-ov7own-InlineCode"
                      >
                        data
                      </code>
                    </span>
                    <span
                      class="css-1eysgws"
                    >
                      <svg
                        aria-label="permalink"
                        class="anchor-icon"
                        fill="none"
                        height="24"
                        viewBox="0 0 24 24"
                        width="24"
                        xmlns="http://www.w3.org/2000/svg"
                      >
                        <path
                          d="M10 13a5 5 0 007.54.54l3-3a5 5 0 00-7.07-7.07l-1.72 1.71"
                          stroke="#9B9B9B"
                          stroke-linecap="round"
                          stroke-linejoin="round"
                          stroke-width="2"
                        />
                        <path
                          d="M14 11a5 5 0 00-7.54-.54l-3 3a5 5 0 007.07 7.07l1.71-1.71"
                          stroke="#9B9B9B"
                          stroke-linecap="round"
                          stroke-linejoin="round"
                          stroke-width="2"
                        />
                      </svg>
                    </span>
                  </a>
                </div>
              </div>
            </div>
          </td>
          <td
            class="css-4ul8tm-Cell"
          >
            <p
              class="css-6jxvia-P"
              data-text="true"
            >
              <strong
                class="css-1qx481h-B"
              >
                (array || object)
              </strong>
            </p>
          </td>
        </tr>
        <tr
          class="css-29opv4-Row"
        >
          <td
            class="css-1i3ovdz-Cell"
          >
            <div
              data-testid="host"
              style="margin-left: 64px; display: list-item; list-style-type: circle; overflow-x: visible;"
            >
              <div
                class=" css-19f55nd-PDIV"
                data-text="true"
              >
                <div
                  class="css-79elbk"
                >
                  <span
                    class="css-120d683"
                    id="host"
                  />
                  <a
                    class="css-bwy6tr-A"
                    href="/#host"
                  >
                    <span
                      class="css-6n7j50"
                    >
                      <code
                        class="inline css-ov7own-InlineCode"
                      >
                        host
                      </code>
                    </span>
                    <span
                      class="css-1eysgws"
                    >
                      <svg
                        aria-label="permalink"
                        class="anchor-icon"
                        fill="none"
                        height="24"
                        viewBox="0 0 24 24"
                        width="24"
                        xmlns="http://www.w3.org/2000/svg"
                      >
                        <path
                          d="M10 13a5 5 0 007.54.54l3-3a5 5 0 00-7.07-7.07l-1.72 1.71"
                          stroke="#9B9B9B"
                          stroke-linecap="round"
                          stroke-linejoin="round"
                          stroke-width="2"
                        />
                        <path
                          d="M14 11a5 5 0 00-7.54-.54l-3 3a5 5 0 007.07 7.07l1.71-1.71"
                          stroke="#9B9B9B"
                          stroke-linecap="round"
                          stroke-linejoin="round"
                          stroke-width="2"
                        />
                      </svg>
                    </span>
                  </a>
                </div>
              </div>
            </div>
          </td>
          <td
            class="css-4ul8tm-Cell"
          >
            <p
              class="css-6jxvia-P"
              data-text="true"
            >
              <strong
                class="css-1qx481h-B"
              >
                (string)
              </strong>
            </p>
          </td>
        </tr>
      </tbody>
    </table>
  </div>
</div>
`;
